"""function that adds 2 integers."""

======================

# Used "add_integer"
-------------------

This is a file text in format txt

How to Used:
>>> add_integer = __import__('0-add_integer').add_integer
>>> add_integer(2, 1)
3
>>> add_integer('3', '4')
Traceback (most recent call last):
...
TypeError: a must be an integer
>>> add_integer()
Traceback (most recent call last):
...
TypeError: add_integer() missing 1 required positional argument: 'a'
>>> add_integer([3], (4))
Traceback (most recent call last):
...
TypeError: a must be an integer
>>> add_integer(None)
Traceback (most recent call last):
...
TypeError: a must be an integer
>>> add_integer()
Traceback (most recent call last):
...
TypeError: add_integer() missing 1 required positional argument: 'a'
>>> add_integer(-1, -4.5)
-5
>>> add_integer(-1)
97

>>> add_integer(float("inf"), 1)
Traceback (most recent call last):
...
OverflowError: cannot convert float infinity to integer

>>> add_integer(float("NaN"))
Traceback (most recent call last):
...
ValueError: cannot convert float NaN to integer
